31 43
1 2 a
1 3 b
1 14 c
1 9 m
1 11 n
2 21 a
2 3 b
2 14 c
2 9 m
2 11 n
3 4 a
4 21 a
4 5 c
4 9 m
5 6 a
6 7 b
7 8 a
8 28 c
8 9 m
9 10 a
10 11 n
11 12 a
12 13 c
13 15 a
14 16 a
15 17 b
16 18 b
17 19 a
18 20 a
19 21 a
20 21 a
20 28 c
20 9 m
21 22 b
22 23 a
23 24 c
24 25 a
25 26 b
26 27 a
27 28 c
28 29 a
29 30 b
30 31 a
6
31 8 20 4 2 1